<generatedTop>
  <k>
    #VerifyStorage ( Some #KeyHash ( "tz1KqTpEZ7Yob7QbPE4Hy4Wo8fHG8LhKxZSx" ) )
  </k>
  <stack>
    Pair .List Some #KeyHash ( "edpkuBknW28nW72KG6RoHtYW7p12T6GKc7nAbwYX5m8Wd9sDVC9yav" )
  </stack>
  <paramtype>
    key .AnnotationList
  </paramtype>
  <storagetype>
    option .AnnotationList key_hash .AnnotationList
  </storagetype>
  <balance>
    #Mutez ( 0 )
  </balance>
  <amount>
    #Mutez ( 0 )
  </amount>
  <now>
    #Timestamp ( -1 )
  </now>
  <myaddr>
    #Address ( "InvalidMyAddr" )
  </myaddr>
  <knownaddrs>
    .Map
  </knownaddrs>
  <sourceaddr>
    #Address ( "InvalidSourceAddr" )
  </sourceaddr>
  <senderaddr>
    #Address ( "InvalidSenderAddr" )
  </senderaddr>
  <chainid>
    #ChainId ( 0 )
  </chainid>
</generatedTop>
