<generatedTop>
  <k>
    .
  </k>
  <stack>
    #Lambda ( int .TypeAnnotationList .FieldAnnotationList , nat .TypeAnnotationList .FieldAnnotationList , { PUSH .TypeAnnotationList .VariableAnnotationList .FieldAnnotationList string .TypeAnnotationList .FieldAnnotationList "Hi" ; PAIR .TypeAnnotationList .VariableAnnotationList .FieldAnnotationList ; DROP .TypeAnnotationList .VariableAnnotationList .FieldAnnotationList ; PUSH .TypeAnnotationList .VariableAnnotationList .FieldAnnotationList nat .TypeAnnotationList .FieldAnnotationList 1 ; .InstructionList } )
  </stack>
  <paramtype>
    #NotSet
  </paramtype>
  <storagetype>
    #NotSet
  </storagetype>
  <balance>
    #Mutez ( 0 )
  </balance>
  <amount>
    #Mutez ( 0 )
  </amount>
  <now>
    #Timestamp ( -1 )
  </now>
  <myaddr>
    #Address ( "InvalidMyAddr" )
  </myaddr>
  <knownaddrs>
    .Map
  </knownaddrs>
  <sourceaddr>
    #Address ( "InvalidSourceAddr" )
  </sourceaddr>
  <senderaddr>
    #Address ( "InvalidSenderAddr" )
  </senderaddr>
  <chainid>
    #ChainId ( 0 )
  </chainid>
</generatedTop>
