<generatedTop>
  <k>
    .
  </k>
  <paramtype>
    #NotSet
  </paramtype>
  <storagetype>
    #NotSet
  </storagetype>
  <stack>
    Stack ( ListItem ( SetItem ( 1 )
    SetItem ( 3 )
    SetItem ( 5 )
    SetItem ( 7 ) ) )
  </stack>
  <balance>
    #Mutez ( 0 )
  </balance>
  <amount>
    #Mutez ( 0 )
  </amount>
  <now>
    #Timestamp ( -1 )
  </now>
  <myaddr>
    #Address ( -1 )
  </myaddr>
  <knownaddrs>
    .Map
  </knownaddrs>
  <sourceaddr>
    #Address ( -2 )
  </sourceaddr>
  <senderaddr>
    #Address ( -3 )
  </senderaddr>
</generatedTop>
